// Jest Snapshot v1, https://goo.gl/fbAQLP

exports[`Modal component Modal with default data 1`] = `null`;
